// Jest Snapshot v1, https://goo.gl/fbAQLP

exports[`ProductTitle displays the component with the custom title 1`] = `
<span
  className="productDescription custom-class"
>
  Custom Product
</span>
`;

exports[`ProductTitle displays the component with the product title from context 1`] = `
<div
  className="productCard undefined"
>
  <span
    className="productDescription undefined"
  >
    Coffee Mug - Without Image
  </span>
</div>
`;
